------------------------------------------------------------
TimeQuest Timing Analyzer Summary
------------------------------------------------------------

Type  : Slow 1200mV 85C Model Setup 'avconf:avc|mI2C_CTRL_CLK'
Slack : -4.617
TNS   : -151.099

Type  : Slow 1200mV 85C Model Setup 'avconf:avc|LUT_INDEX[1]'
Slack : -4.351
TNS   : -53.123

Type  : Slow 1200mV 85C Model Setup 'AUD_ADCLRCK'
Slack : -2.389
TNS   : -48.561

Type  : Slow 1200mV 85C Model Setup 'CLOCK_50'
Slack : -1.397
TNS   : -30.209

Type  : Slow 1200mV 85C Model Hold 'CLOCK_50'
Slack : -0.316
TNS   : -0.316

Type  : Slow 1200mV 85C Model Hold 'avconf:avc|LUT_INDEX[1]'
Slack : 0.080
TNS   : 0.000

Type  : Slow 1200mV 85C Model Hold 'avconf:avc|mI2C_CTRL_CLK'
Slack : 0.403
TNS   : 0.000

Type  : Slow 1200mV 85C Model Hold 'AUD_ADCLRCK'
Slack : 0.487
TNS   : 0.000

Type  : Slow 1200mV 85C Model Recovery 'CLOCK_50'
Slack : 15.180
TNS   : 0.000

Type  : Slow 1200mV 85C Model Removal 'CLOCK_50'
Slack : 3.699
TNS   : 0.000

Type  : Slow 1200mV 85C Model Minimum Pulse Width 'AUD_ADCLRCK'
Slack : -3.210
TNS   : -31.480

Type  : Slow 1200mV 85C Model Minimum Pulse Width 'avconf:avc|mI2C_CTRL_CLK'
Slack : -1.285
TNS   : -75.815

Type  : Slow 1200mV 85C Model Minimum Pulse Width 'avconf:avc|LUT_INDEX[1]'
Slack : 0.379
TNS   : 0.000

Type  : Slow 1200mV 85C Model Minimum Pulse Width 'CLOCK_50'
Slack : 9.549
TNS   : 0.000

Type  : Slow 1200mV 0C Model Setup 'avconf:avc|mI2C_CTRL_CLK'
Slack : -4.118
TNS   : -134.105

Type  : Slow 1200mV 0C Model Setup 'avconf:avc|LUT_INDEX[1]'
Slack : -4.067
TNS   : -49.241

Type  : Slow 1200mV 0C Model Setup 'AUD_ADCLRCK'
Slack : -2.103
TNS   : -42.610

Type  : Slow 1200mV 0C Model Setup 'CLOCK_50'
Slack : -1.247
TNS   : -27.419

Type  : Slow 1200mV 0C Model Hold 'CLOCK_50'
Slack : -0.353
TNS   : -0.353

Type  : Slow 1200mV 0C Model Hold 'avconf:avc|LUT_INDEX[1]'
Slack : 0.082
TNS   : 0.000

Type  : Slow 1200mV 0C Model Hold 'avconf:avc|mI2C_CTRL_CLK'
Slack : 0.353
TNS   : 0.000

Type  : Slow 1200mV 0C Model Hold 'AUD_ADCLRCK'
Slack : 0.440
TNS   : 0.000

Type  : Slow 1200mV 0C Model Recovery 'CLOCK_50'
Slack : 15.669
TNS   : 0.000

Type  : Slow 1200mV 0C Model Removal 'CLOCK_50'
Slack : 3.291
TNS   : 0.000

Type  : Slow 1200mV 0C Model Minimum Pulse Width 'AUD_ADCLRCK'
Slack : -3.210
TNS   : -31.480

Type  : Slow 1200mV 0C Model Minimum Pulse Width 'avconf:avc|mI2C_CTRL_CLK'
Slack : -1.285
TNS   : -75.815

Type  : Slow 1200mV 0C Model Minimum Pulse Width 'avconf:avc|LUT_INDEX[1]'
Slack : 0.350
TNS   : 0.000

Type  : Slow 1200mV 0C Model Minimum Pulse Width 'CLOCK_50'
Slack : 9.556
TNS   : 0.000

Type  : Fast 1200mV 0C Model Setup 'avconf:avc|mI2C_CTRL_CLK'
Slack : -1.775
TNS   : -45.086

Type  : Fast 1200mV 0C Model Setup 'avconf:avc|LUT_INDEX[1]'
Slack : -1.549
TNS   : -16.807

Type  : Fast 1200mV 0C Model Setup 'AUD_ADCLRCK'
Slack : -0.618
TNS   : -11.491

Type  : Fast 1200mV 0C Model Setup 'CLOCK_50'
Slack : -0.580
TNS   : -0.760

Type  : Fast 1200mV 0C Model Hold 'CLOCK_50'
Slack : -0.219
TNS   : -0.219

Type  : Fast 1200mV 0C Model Hold 'avconf:avc|LUT_INDEX[1]'
Slack : -0.032
TNS   : -0.032

Type  : Fast 1200mV 0C Model Hold 'avconf:avc|mI2C_CTRL_CLK'
Slack : 0.182
TNS   : 0.000

Type  : Fast 1200mV 0C Model Hold 'AUD_ADCLRCK'
Slack : 0.223
TNS   : 0.000

Type  : Fast 1200mV 0C Model Recovery 'CLOCK_50'
Slack : 17.432
TNS   : 0.000

Type  : Fast 1200mV 0C Model Removal 'CLOCK_50'
Slack : 1.909
TNS   : 0.000

Type  : Fast 1200mV 0C Model Minimum Pulse Width 'AUD_ADCLRCK'
Slack : -3.000
TNS   : -37.658

Type  : Fast 1200mV 0C Model Minimum Pulse Width 'avconf:avc|mI2C_CTRL_CLK'
Slack : -1.000
TNS   : -59.000

Type  : Fast 1200mV 0C Model Minimum Pulse Width 'avconf:avc|LUT_INDEX[1]'
Slack : 0.417
TNS   : 0.000

Type  : Fast 1200mV 0C Model Minimum Pulse Width 'CLOCK_50'
Slack : 9.200
TNS   : 0.000

------------------------------------------------------------
